>VP_case1
GGGGGAAAAAAAGGGGGGGGGGAAAAAAAACCCCCAAAAAACCCCCCCCCC
Restricted_0: ............((((((((((...................))))))))))
Result_0:     [[[[[.......((((((((((........]]]]]......)))))))))) (-20.16)
Restricted_1: ............(((((((((.....................)))))))))
Result_1:     [[[[[.......(((((((((.........]]]]].......))))))))) (-18.12)
Restricted_2: .............(((((((((....................)))))))))
Result_2:     [[[[[........(((((((((........]]]]].......))))))))) (-18.12)
>VP_case2
GGGGGAAAAAAAGGGGGGGGGGAAAAAAAACCCCCAAAAAACCCCCCCCCC
Restricted_0: ............((((((((((...................))))))))))
Result_0:     [[[[[.......((((((((((........]]]]]......)))))))))) (-20.16)
Restricted_1: ............(((((((((.....................)))))))))
Result_1:     [[[[[.......(((((((((.........]]]]].......))))))))) (-18.12)
Restricted_2: .............(((((((((....................)))))))))
Result_2:     [[[[[........(((((((((........]]]]].......))))))))) (-18.12)
>VP_case3
CCCCCCCCCCAAAAAAGGGGGAAAGGGGGGGGGGAAAAGGGGGGGGGGAAAAAAAACCCCCAAAAAACCCCCCCCCC
Restricted_0: ......................................((((((((((...................))))))))))
Result_0:     ((((((((((......)))))...)))))[[[[[....((((((((((........]]]]]......)))))))))) (-34.12)
Restricted_1: ........................((((((((((.................................))))))))))
Result_1:     ....(((((.......)))))...((((((((((......(((((...........)))))......)))))))))) (-32.4)
Restricted_2: ((((((((((............................)))))))))).............................
Result_2:     ((((((((((......[[[[[...[[[[[[[[[[....))))))))))........]]]]]......]]]]]]]]]] (-32.15)
>VP_case1_and_case2
CCCCCCCCCCAAAAAAGGGGGAAAGGGGGGGGGGAAAAGGGGGGGGGGAAAAAAAACCCCCAAAAAACCCCCCCCCC
Restricted_0: ......................................((((((((((...................))))))))))
Result_0:     ((((((((((......)))))...)))))[[[[[....((((((((((........]]]]]......)))))))))) (-34.12)
Restricted_1: ........................((((((((((.................................))))))))))
Result_1:     ....(((((.......)))))...((((((((((......(((((...........)))))......)))))))))) (-32.4)
Restricted_2: ((((((((((............................)))))))))).............................
Result_2:     ((((((((((......[[[[[...[[[[[[[[[[....))))))))))........]]]]]......]]]]]]]]]] (-32.15)
>Multiloop_with_pseudoknot
AAAAAAGGGGGAAAAAAAGGGGGGGGGGAAAAAAAACCCCCAAAAAACCCCCCCCCCUUUUUU
Restricted_0: ............((((((((((((((((...................))))))))))))))))
Result_0:     ......[[[[[.((((((((((((((((........]]]]]......)))))))))))))))) (-25.04)
Restricted_1: ............(((((((((((((((.....................)))))))))))))))
Result_1:     ......[[[[[.(((((((((((((((.........]]]]].......))))))))))))))) (-23)
Restricted_2: .............(((((((((((((((....................)))))))))))))))
Result_2:     ......[[[[[..(((((((((((((((........]]]]].......))))))))))))))) (-22.61)
>Multiloop_that_spans_a_band
GGGGGGAAAAAGGGGGGAAAAGGGGGGCCCCCCAAAAAACCCCCCAAAAGGGGGGAAAAAACCCCCCAAAAAACCCCCC
Restricted_0: .....................((((((..............................................))))))
Result_0:     [[[[[[.....[[[[[[....((((((]]]]]]......]]]]]]....((((((......))))))......)))))) (-30.14)
Restricted_1: .................................................((((((..................))))))
Result_1:     ((((((.....((((((..........))))))......))))))....((((((..................)))))) (-26.49)
Restricted_2: ...........((((((........................................................))))))
Result_2:     ...........((((((....((((((............))))))....((((((......))))))......)))))) (-26.17)
>Multiloop_that_spans_a_band_with_extra
GGGGGGAAAAAGGGGGGAAAAGGGGGGCCCCCCAAAAAACCCCCCAAAAGGGGGGAAAAAACCCCCCAAAGGGAAACCCCCCCCC
Restricted_0: .....................((((((....................................................))))))
Result_0:     [[[[[[.....[[[[[[....((((((]]]]]]......]]]]]]....((((((......))))))...((....)).)))))) (-30.99)
Restricted_1: .................................................((((((........................))))))
Result_1:     ((((((.....((((((..........))))))......))))))....((((((......(((......)))......)))))) (-30.56)
Restricted_2: ...........((((((..............................................................))))))
Result_2:     ...........((((((....((((((............))))))....((((((......))))))...((....)).)))))) (-28.51)
